../Core/Src/main.c:89:6:HAL_GPIO_EXTI_Callback	16	static
../Core/Src/main.c:114:6:HAL_TIM_IC_CaptureCallback	16	static
../Core/Src/main.c:129:5:main	8	static
../Core/Src/main.c:244:6:SystemClock_Config	88	static
../Core/Src/main.c:286:13:MX_ADC1_Init	24	static
../Core/Src/main.c:338:13:MX_TIM1_Init	32	static
../Core/Src/main.c:387:13:MX_TIM2_Init	48	static
../Core/Src/main.c:436:13:MX_GPIO_Init	40	static
../Core/Src/main.c:485:5:luzEntrante	16	static
../Core/Src/main.c:506:6:antirrebotes	24	static
../Core/Src/main.c:539:6:modoNoche	16	static
../Core/Src/main.c:555:6:modoDia	16	static
../Core/Src/main.c:576:6:Error_Handler	4	static,ignoring_inline_asm
